// Jest Snapshot v1, https://goo.gl/fbAQLP

exports[`CdrTabPanel renders tab 1`] = `
<div
  aria-hidden="true"
  class="cdr-tab-panel"
  name="fly"
  role="tabpanel"
  style="display: none;"
  tabindex="0"
/>
`;
