// Jest Snapshot v1, https://goo.gl/fbAQLP

exports[`CdrButton renders correctly 1`] = `
<button
  class="cdr-button--primary cdr-button cdr-button cdr-button--medium"
  type="button"
/>
`;
