// Jest Snapshot v1, https://goo.gl/fbAQLP

exports[`CdrCard renders correctly 1`] = `
<article
  class="cdr-card"
/>
`;
