// Jest Snapshot v1, https://goo.gl/fbAQLP

exports[`cdrSelect renders correctly 1`] = `
<div
  class=""
>
  <label
    class="cdr-select__label"
    for="1"
  >
    Label Test 
  </label>
  <div
    class="cdr-select-wrap"
  >
    <select
      class="cdr-select  cdr-select cdr-select__prompt"
      id="1"
    />
    <svg
      class="cdr-icon  cdr-select__caret"
      role="presentation"
      viewBox="0 0 24 24"
      xmlns="http://www.w3.org/2000/svg"
    >
      <path
        d="M12 16c.273 0 .521-.11.702-.288l5.005-5.005a1 1 0 0 0-1.414-1.414L12 13.586 7.705 9.29a1 1 0 0 0-1.412 1.417l4.98 4.98c.182.193.44.313.727.313z"
      />
    </svg>
  </div>
</div>
`;

exports[`cdrSelect renders helper-text slot 1`] = `
<div
  class=""
>
  <label
    class="cdr-select__label"
    for="50"
  >
    test 
  </label>
  <div
    class="cdr-select-wrap"
  >
    <select
      class="cdr-select  cdr-select cdr-select__prompt"
      id="50"
    />
    <icon-caret-down-stub
      class="cdr-select__caret"
      size="medium"
      space=""
    />
  </div>
  <span
    class="cdr-select__helper-text"
  >
    very helpful
  </span>
</div>
`;

exports[`cdrSelect renders info slot 1`] = `
<div
  class=""
>
  <label
    class="cdr-select__label"
    for="47"
  >
    test 
  </label>
  <span
    class="cdr-select__info-container"
  >
    ðŸ¤ 
  </span>
  <div
    class="cdr-select-wrap"
  >
    <select
      class="cdr-select  cdr-select cdr-select__prompt"
      id="47"
    />
    <icon-caret-down-stub
      class="cdr-select__caret"
      size="medium"
      space=""
    />
  </div>
</div>
`;

exports[`cdrSelect renders required label correctly 1`] = `
<div
  class=""
>
  <label
    class="cdr-select__label"
    for="5"
  >
    Label Test 
    <span
      class="cdr-select__required-label"
    >
      Required
    </span>
  </label>
  <div
    class="cdr-select-wrap"
  >
    <select
      class="cdr-select  cdr-select cdr-select__prompt"
      id="5"
      required="required"
    />
    <icon-caret-down-stub
      class="cdr-select__caret"
      size="medium"
      space=""
    />
  </div>
</div>
`;
